// Jest Snapshot v1, https://goo.gl/fbAQLP

exports[`<TextCom  ponent/> Should match snapshot 1`] = `
.c0 {
  font-size: 2.4rem;
  padding: 0 20px;
}

<div
  class="c0"
>
  <b>
    Children
  </b>
</div>
`;
