// Jest Snapshot v1, https://goo.gl/fbAQLP

exports[`<Footer /> Should render a footer 1`] = `
.c0 {
  width: 100%;
  text-align: center;
}

.c0 a {
  color: inherit;
  -webkit-text-decoration: none;
  text-decoration: none;
  font-size: 1.6rem;
}

.c1 {
  font-size: 2.4rem;
  padding: 0 20px;
}

<div>
  <footer
    class="c0"
  >
    <div
      class="c1"
    >
      <h1>
        Hello!
      </h1>
    </div>
  </footer>
</div>
`;
