// Jest Snapshot v1, https://goo.gl/fbAQLP

exports[`<Menu /> Should match snapshot 1`] = `
.c4 {
  line-height: 1.2;
  color: #000000;
  font-size: 2.4rem;
  text-transform: uppercase;
}

.c6 {
  display: -webkit-box;
  display: -webkit-flex;
  display: -ms-flexbox;
  display: flex;
  -webkit-align-items: center;
  -webkit-box-align: center;
  -ms-flex-align: center;
  align-items: center;
  -webkit-text-decoration: none;
  text-decoration: none;
  color: inherit;
}

.c6 > img {
  width: 15rem;
  height: 15rem;
  border-radius: 50%;
}

.c8 {
  display: block;
  color: #FFFFFF;
  -webkit-text-decoration: none;
  text-decoration: none;
  margin-bottom: 1.6rem;
  font-size: 1.8rem;
  border-right: 0.5rem solid #000000;
  -webkit-transition: all 300ms ease-in-out;
  transition: all 300ms ease-in-out;
}

.c8:hover {
  border-right: 0.5rem solid #dc143c;
  color: #dc143c;
}

.c2 {
  display: inline-block;
  vertical-align: middle;
  overflow: hidden;
}

.c0 {
  width: 27rem;
  height: 100%;
  background: #000000;
  border-top-right-radius: 4px;
  padding: 0.8rem calc(0.8rem - 0.6rem);
  position: fixed;
  left: -26rem;
  -webkit-transition: all 300ms ease-in-out;
  transition: all 300ms ease-in-out;
  z-index: 1001;
}

.c0 .c5 {
  margin-top: 6.4rem;
}

.c0 .c5 img {
  border: 0.5rem solid #dc143c;
}

.c0.active {
  left: 0rem;
  overflow-y: auto;
  overflow-x: hidden;
}

.c3 {
  width: 100%;
  max-width: 100%;
  display: -webkit-box;
  display: -webkit-flex;
  display: -ms-flexbox;
  display: flex;
  -webkit-flex-direction: column;
  -ms-flex-direction: column;
  flex-direction: column;
  -webkit-align-items: center;
  -webkit-box-align: center;
  -ms-flex-align: center;
  align-items: center;
}

.c1 {
  position: relative;
  display: -webkit-box;
  display: -webkit-flex;
  display: -ms-flexbox;
  display: flex;
  -webkit-box-pack: end;
  -webkit-justify-content: flex-end;
  -ms-flex-pack: end;
  justify-content: flex-end;
  background-color: #000000;
  border-radius: 4px;
  left: 2rem;
}

.c1 svg {
  width: 3rem;
  color: #dc143c;
  padding-right: 3.5rem;
  padding-top: 1rem;
  cursor: pointer;
  -webkit-transition: filter 300ms ease-in-out;
  transition: filter 300ms ease-in-out;
}

.c1 svg:hover {
  -webkit-filter: brightness(50%);
  filter: brightness(50%);
}

.c1 .menuIcon {
  padding: 0;
}

.c7 {
  width: 90%;
  margin: 4rem 0;
}

@media (max-width:768px) {
  .c0 {
    width: 25.5rem;
  }
}

<div>
  <div
    class="c0"
  >
    <div
      class="c1"
    >
      <svg
        aria-label="Open menu"
        class="c2 menuIcon"
        fill="currentColor"
        focusable="false"
        role="img"
        viewBox="0 0 24 24"
        xmlns="http://www.w3.org/2000/svg"
      >
        <title>
          Open menu
        </title>
        <path
          d="M0 0h24v24H0V0z"
          fill="none"
        />
        <path
          d="M3 18h18v-2H3v2zm0-5h18v-2H3v2zm0-7v2h18V6H3z"
        />
      </svg>
    </div>
    <nav
      aria-hidden="true"
      class="c3"
    >
      <h1
        class="c4"
      >
        <a
          class="c5 c6"
          href="/"
          target="_self"
        >
          <img
            alt="blog-name"
            src="logo-image"
          />
        </a>
      </h1>
      <section
        class="c7"
      >
        <a
          class="c8"
          href="https://www.google.com/"
          target="_self"
        >
          LINK 1
        </a>
        <a
          class="c8"
          href="https://www.google.com/"
          target="_self"
        >
          LINK 2
        </a>
        <a
          class="c8"
          href="https://www.google.com/"
          target="_self"
        >
          LINK 3
        </a>
        <a
          class="c8"
          href="https://www.google.com/"
          target="_self"
        >
          LINK 4
        </a>
      </section>
    </nav>
  </div>
</div>
`;
