// Jest Snapshot v1, https://goo.gl/fbAQLP

exports[`<TextComponent/> Should match snapshot 1`] = `
.c0 {
  font-size: 2.4rem;
  padding: 0 20px;
}

<div
  class="c0"
>
  texto
</div>
`;
