// Jest Snapshot v1, https://goo.gl/fbAQLP

exports[`<PostGrid /> Should match snapshot 1`] = `
.c0 {
  max-width: 100%;
  width: 100%;
  margin: 0 auto;
  display: grid;
  grid-template-columns: repeat(auto-fill,minmax(28rem,1fr));
  gap: 3.2rem;
  padding: 3.2rem;
}

.c1 {
  padding: 3.2rem;
  text-align: center;
  font-size: 1.6rem;
}

@media (max-width:360px) {
  .c0 {
    grid-template-columns: 1fr;
  }
}

<div>
  <main
    class="c0"
  >
    <p
      class="c1"
    >
      Nenhum post encontrado aqui =(
    </p>
  </main>
</div>
`;
