// Jest Snapshot v1, https://goo.gl/fbAQLP

exports[`<LoadMore /> Should match snapshot 1`] = `
.c0 {
  width: 16rem;
  border: 1px solid #333333;
  background: #000;
  color: #FFFFFF;
  display: -webkit-box;
  display: -webkit-flex;
  display: -ms-flexbox;
  display: flex;
  -webkit-box-pack: center;
  -webkit-justify-content: center;
  -ms-flex-pack: center;
  justify-content: center;
  -webkit-align-items: center;
  -webkit-box-align: center;
  -ms-flex-align: center;
  align-items: center;
  padding: 1.6rem;
  cursor: pointer;
  -webkit-transition: filter 300ms ease-in-out;
  transition: filter 300ms ease-in-out;
}

.c0:hover {
  -webkit-filter: brightness(50%);
  filter: brightness(50%);
}

.c0:disabled {
  opacity: 0.4;
}

<div>
  <button
    class="c0"
  />
</div>
`;
