// Jest Snapshot v1, https://goo.gl/fbAQLP

exports[`<Heading /> Should match snapshot 1`] = `
.c0 {
  line-height: 1.2;
  color: #000000;
  font-size: 6.4rem;
  text-transform: none;
}

@media (max-width:768px) {
  .c0 {
    font-size: 4.0rem;
  }
}

<h1
  class="c0"
>
  texto
</h1>
`;
